[2026-09-13T14:30:42.870Z] === STARTING MVP ZERO-TCC VERIFICATION RUN ===
[2026-09-13T14:30:42.872Z] Process PID: 21453
[2026-09-13T14:30:42.872Z] App Path: /Users/<user>/projects/desktop-assistant/spikes/SP-22-macos-permissions/src/DesktopAssistantMVP.app/Contents/Resources/app
[2026-09-13T14:30:42.872Z] Electron version: 44.3.0
[2026-09-13T14:30:42.872Z] Node version: 24.20.0
[2026-09-13T14:30:43.059Z] 1. Checking Screen and Environment...
[2026-09-13T14:30:43.060Z] Primary display workArea: 0, 30, 1920x960
[2026-09-13T14:30:43.060Z] 2. Initializing SQLite Ledger in Application Support...
[2026-09-13T14:30:43.060Z] Database path: /Users/<user>/Library/Application Support/DesktopAssistantMVP/ledger.sqlite
[2026-09-13T14:30:43.061Z] SQLite Ledger initialized successfully.
[2026-09-13T14:30:43.061Z] 3. Testing SafeStorage encryption/decryption...
[2026-09-13T14:30:50.532Z] safeStorage.isEncryptionAvailable(): true
[2026-09-13T14:30:50.533Z] Encrypted plain text (46 chars) -> cipher buffer (51 bytes)
[2026-09-13T14:30:50.535Z] Decrypted token matches original: true
[2026-09-13T14:30:50.535Z] 4. Creating Pet Window...
[2026-09-13T14:30:50.645Z] Pet Window created successfully.
[2026-09-13T14:30:50.645Z] 5. Creating Dialogue Card Window...
[2026-09-13T14:30:50.664Z] Dialogue Card Window created successfully.
[2026-09-13T14:30:50.664Z] 6. Creating Menu Bar Tray Icon...
[2026-09-13T14:30:50.676Z] Menu Bar Tray created successfully.
[2026-09-13T14:30:50.676Z] 7. Executing End-to-End MVP Job Lifecycle...
[2026-09-13T14:30:50.676Z] [Job job_mvp_1789309850676] Step A: Writing pre-execution record to SQLite ledger...
[2026-09-13T14:30:50.676Z] Pre-execution ledger write successful (row id: 3).
[2026-09-13T14:30:50.676Z] [Job job_mvp_1789309850676] Step B: Decrypting token and invoking Notion API connector...
[2026-09-13T14:30:50.676Z] Connector received token (46 chars), executing simulated HTTPS call...
[2026-09-13T14:30:50.976Z] [Job job_mvp_1789309850676] Step C: Updating ledger record to COMMITTED...
[2026-09-13T14:30:50.977Z] Ledger record committed.
[2026-09-13T14:30:50.977Z] Committed ledger row: {"id":3,"job_id":"job_mvp_1789309850676","tool_name":"notion:create_page","parameters":"{\"title\":\"Hoàn tất đặc tả onboarding macOS\",\"database_id\":\"db_tasks_main\"}","status":"COMMITTED","reversible":1,"created_at":"2026-09-13T14:30:50.676Z","committed_at":"2026-09-13T14:30:50.977Z"}
[2026-09-13T14:30:50.977Z] === FINAL VERIFICATION RESULT: PASS (100%) ===
