[RUNNER] Launching worker with CRASH_POINT=3, FULLFSYNC=0, SYNC=NORMAL...

--- Worker Output (pre-crash) ---
[WORKER 17776] Started with CrashPoint=3, JobId=job_crash_pt3

▶ [ENGINE] Starting Job job_crash_pt3 (Mode: smart, CrashPoint: 3)...
✔ [ENGINE] Job job_crash_pt3 created with status 'pending'
⏳ [ENGINE] Approval required for Notion update.
✔ [ENGINE] Job job_crash_pt3 transitioned to 'waiting_approval'. Approval card posted.
👤 [USER ACTION] User approves tool execution for Job job_crash_pt3.
✔ [ENGINE] Approval recorded. Job job_crash_pt3 set to 'running'.
🔍 [ENGINE] Fetching pre-execution snapshot from Notion for page_task_101...
📝 [ENGINE] Committing 'tool_intent' to SQLite Ledger (Correlation: corr_7add7be9-5c96-4b35-8137-5bd9f1592782)...
✔ [ENGINE] 'tool_intent' successfully committed to WAL.
💥 [CRASH INJECTOR] TRIGGERING SIGKILL at Point 3: After tool_intent committed, BEFORE external API call (fetch)
💥 Process PID 17776 terminating immediately...

--- Crash Exit Status ---
Exit Code: null
Signal: SIGKILL

--- SQLite WAL Integrity Check ---
PRAGMA integrity_check: [{"integrity_check":"ok"}]

--- Running Recovery Protocol ---

======================================================
🔄 [RECOVERY MANAGER] Starting crash recovery protocol...
======================================================
📋 Found 1 active/unfinalized job(s) in SQLite database.

🔍 Inspecting Job job_crash_pt3 (Status: running)...
   Last Ledger Record: [seq=2, type=tool_intent]
   ⚠️ Found UNMATCHED 'tool_intent' [correlationId=corr_7add7be9-5c96-4b35-8137-5bd9f1592782]!
   🔎 Conducting external reconciliation against Notion API...
   📊 State Comparison:
      - Snapshot Before Status : 'To Do'
      - Current Notion Status  : 'To Do'
      - Target Intended Status : 'In Progress'
   ℹ️ RECONCILIATION RESULT: External call was NEVER EXECUTED before crash.
   🛡️ Recording crash info to ledger (fail-closed integrity preserved).

======================================================
🗂️ RECONSTRUCTED CARD QUEUE (Priority Order per PRD A.4):
   [1] Type: ERROR    | Job: job_crash_pt3 | Title: Job bị gián đoạn trước khi gọi API (Đã khôi phục an toàn)
======================================================


--- Post-Recovery Verification ---
Job ID: job_crash_pt3
Job Status: failed
Ledger Records Count: 3
  - seq=1 | type=approval | tool=notion_update_page
  - seq=2 | type=tool_intent | tool=notion_update_page
  - seq=3 | type=error | tool=notion_update_page
✔ Point 3 PASSED: External state untouched, fail-closed preserved, job cleanly failed.