=== Q7 TOOLCHAIN SURVEY (macOS Apple Silicon) ===
Node.js:
- Version: v26.8.2
- Path: /opt/homebrew/bin/node
- Architecture: arm64
- Platform: darwin

npm:
- Version: 11.19.1
- Path: /opt/homebrew/bin/npm

Python:
- Version: Python 3.9.6
- Path: /usr/bin/python3
- Architecture: arm64

Xcode Command Line Tools:
- Status: INSTALLED
- Path: /Library/Developer/CommandLineTools
- Clang: Apple clang version 21.0.0 (clang-2100.1.1.101)
- Target: arm64-apple-darwin25.5.0

xcode-select --install behavior:
- When already installed: outputs error 'command line tools are already installed'
- When not installed: spawns macOS GUI alert dialog requesting user installation; requires user to accept Apple license agreement (cannot be automated without Accessibility).
